
> stellarcade-frontend@0.1.0 test C:\Users\Admin\Desktop\stellarcade\frontend
> vitest run "--run" "tests/integration/accessibility.test.tsx"


[7m[1m[36m RUN [39m[22m[27m [36mv1.6.1[39m [90mC:/Users/Admin/Desktop/stellarcade/frontend[39m

 [33mΓ¥»[39m tests/integration/accessibility.test.tsx [2m ([22m[2m6 tests[22m [2m|[22m [31m1 failed[39m[2m)[22m[33m 1252[2mms[22m[39m
[31m   [33mΓ¥»[31m tests/integration/accessibility.test.tsx[2m > [22mv1 Components Accessibility Matrix[2m > [22mPaginatedListController[2m > [22mcan navigate to pagination controls and select via keyboard[39m
[31m     ΓåÆ [2mexpect([22m[31melement[31m[2m).toHaveFocus()[22m

Expected element with focus:
  [32m<button
  aria-label="Go to page 3"
  class="pagination-btn pagination-page-btn "
  type="button"
>
  3
</button>[31m
Received element with focus:
  [31m<button
  aria-label="Go to next page"
  class="pagination-btn pagination-nav-btn"
  type="button"
>
  <svg
    fill="none"
    height="16"
    viewBox="0 0 16 16"
    width="16"
  >
    <path
      d="M6 4L10 8L6 12"
      stroke="currentColor"
      stroke-linecap="round"
      stroke-linejoin="round"
      stroke-width="2"
    />
  </svg>
</button>[31m[39m

node.exe : [31mΓÄ»ΓÄ»Γ
Ä»ΓÄ»ΓÄ»ΓÄ»ΓÄ»[1m[7m 
Failed Tests 1 [27m[2
2mΓÄ»ΓÄ»ΓÄ»ΓÄ»ΓÄ»ΓÄ»ΓÄ»
[39m
At C:\Users\Admin\AppDa
ta\Roaming\npm\pnpm.ps1
:24 char:5
+     & "node$exe"  "$b
asedir/node_modules/cor
epack/dist/pnpm.js" 
$args
+     ~~~~~~~~~~~~~~~~~
~~~~~~~~~~~~~~~~~~~~~~~
~~~~~~~~~~~~~~~~~~~~~~~
~~
    + CategoryInfo     
         : NotSpecifi  
  ed: ([31mΓÄ»ΓÄ»ΓÄ   
 »Γ...»ΓÄ»ΓÄ»ΓÄ»[3    
9m:String) [], Rem    
oteException
    + FullyQualifiedEr 
   rorId : NativeComm  
  andError
 

[31m[1m[7m FAIL 
[27m[22m[39m tests/i
ntegration/accessibilit
y.test.tsx[2m > 
[22mv1 Components 
Accessibility 
Matrix[2m > [22mPagin
atedListController[2m 
> [22mcan navigate to 
pagination controls 
and select via keyboard
[31m[1mError[22m: [
2mexpect([22m[31melem
ent[31m[2m).toHaveFoc
us()[22m

Expected element with 
focus:
  [32m<button
  aria-label="Go to 
page 3"
  
class="pagination-btn 
pagination-page-btn "
  type="button"
>
  3
</button>[31m
Received element with 
focus:
  [31m<button
  aria-label="Go to 
next page"
  
class="pagination-btn 
pagination-nav-btn"
  type="button"
>
  <svg
    fill="none"
    height="16"
    viewBox="0 0 16 16"
    width="16"
  >
    <path
      d="M6 4L10 8L6 
12"
      
stroke="currentColor"
      
stroke-linecap="round"
      
stroke-linejoin="round"
      stroke-width="2"
    />
  </svg>
</button>[31m[39m
[36m [2mΓ¥»[22m test
s/integration/accessibi
lity.test.tsx:[2m177:2
1[22m[39m
    [90m175| [39m    
  [35mconst[39m 
page3 [33m=[39m scree
n[33m.[39m[34mgetByR
ole[39m([32m'button'
[39m[33m,[39m { 
name[33m:[39m 
[32m'Go to page 
3'[39m ΓÇª
    [90m176| [39m    
  [35mawait[39m user
[33m.[39m[34mtab[39m
()[33m;[39m
    [90m177| [39m    
  [34mexpect[39m(page
3)[33m.[39m[34mtoHav
eFocus[39m()[33m;[39
m
    [90m   | [39m    
                
[31m^[39m
    [90m178| [39m    
  
    [90m179| [39m    
  [35mawait[39m user
[33m.[39m[34mkeyboard
[39m([32m'{Enter}'[3
9m)[33m;[39m

[31m[2mΓÄ»ΓÄ»ΓÄ»ΓÄ»ΓÄ
»ΓÄ»ΓÄ»ΓÄ»ΓÄ»ΓÄ»ΓÄ»ΓÄ»Γ
Ä»ΓÄ»ΓÄ»ΓÄ»ΓÄ»ΓÄ»ΓÄ»ΓÄ»
ΓÄ»ΓÄ»ΓÄ»ΓÄ»[1/1]ΓÄ»[2
2m[39m

[2m Test Files [22m [1m[31m1 failed[39m[22m[90m (1)[39m
[2m      Tests [22m [1m[31m1 failed[39m[22m[2m | [22m[1m[32m5 passed[39m[22m[90m (6)[39m
[2m   Start at [22m 06:36:54
[2m   Duration [22m 5.73s[2m (transform 1.07s, setup 609ms, collect 2.18s, tests 1.25s, environment 971ms, prepare 286ms)[22m

ΓÇëELIFECYCLEΓÇë Test failed. See above for more details.
